Starting Visivo...
dbt phase completed in 0.01s
Project loaded in 0.08s
Starting server at http://localhost:8011 (initial data refresh runs once it's up)
Running initial project build...
dbt phase completed in 0.01s
 * Serving Flask app 'visivo.server.flask_app'
 * Debug mode: off
Compile completed in 0.02s imports: 0.0s, parse: 0.01s
Running project across 8 threads

Running job for Source Schema nyc-db ...............................................................[RUNNING]
Built schema for source nyc-db (7 tables, 70 columns) ..............................................[SUCCESS 0.02s]
Wrote schema for model cuisine-list ................................................................[SUCCESS 0.02s]
	target/main/schemas/cuisine-list.json
Updated data & wrote schema for model station-counts ...............................................[SUCCESS 0.06s]
	target/main/models/station-counts.parquet
Updated data & wrote schema for model restaurants ..................................................[SUCCESS 0.06s]
	target/main/models/restaurants.parquet
Computed 99 options for input cuisine-select .......................................................[SUCCESS 0.01s]
	target/main/inputs/cuisine-select.json
Updated data for insight restaurant-markers ........................................................[SUCCESS 0.02s]
Updated data for insight station-bubbles ...........................................................[SUCCESS 0.02s]

Run finished in 0.21s
Initial Data Refresh Complete.
View your project at: http://localhost:8011
Running job for Source Schema nyc-db ...............................................................[RUNNING]
Built schema for source nyc-db (7 tables, 70 columns) ..............................................[SUCCESS 0.02s]
Updated data & wrote schema for model restaurants ..................................................[SUCCESS 0.05s]
	target/main/models/restaurants.parquet
Updated data & wrote schema for model station-counts ...............................................[SUCCESS 0.01s]
	target/main/models/station-counts.parquet
Wrote schema for model cuisine-list ................................................................[SUCCESS 0.0s]
	target/main/schemas/cuisine-list.json
Computed 99 options for input cuisine-select .......................................................[SUCCESS 0.01s]
	target/main/inputs/cuisine-select.json
Updated data for insight restaurant-markers ........................................................[SUCCESS 0.01s]
Updated data for insight station-bubbles ...........................................................[SUCCESS 0.01s]

Run finished in 0.26s
